::1 - - [08/Dec/2025:12:40:43 +0000] "GET /movie HTTP/1.1" - -
::1 - - [08/Dec/2025:12:40:43 +0000] "GET /styles.css HTTP/1.1" - -
::1 - - [08/Dec/2025:12:40:43 +0000] "GET /favicon.ico HTTP/1.1" - -
::1 - - [08/Dec/2025:12:40:51 +0000] "GET /movie HTTP/1.1" - -
::1 - - [08/Dec/2025:12:40:51 +0000] "GET /styles.css HTTP/1.1" - -
::1 - - [08/Dec/2025:12:41:26 +0000] "GET /movie HTTP/1.1" - -
::1 - - [08/Dec/2025:12:41:26 +0000] "GET /public/styles.css HTTP/1.1" - -
::1 - - [08/Dec/2025:12:41:28 +0000] "GET /movie HTTP/1.1" - -
::1 - - [08/Dec/2025:12:41:28 +0000] "GET /public/styles.css HTTP/1.1" - -
::1 - - [08/Dec/2025:12:41:29 +0000] "GET /movie HTTP/1.1" - -
::1 - - [08/Dec/2025:12:41:29 +0000] "GET /public/styles.css HTTP/1.1" - -
::1 - - [08/Dec/2025:12:43:25 +0000] "GET /movie HTTP/1.1" - -
::1 - - [08/Dec/2025:12:43:25 +0000] "GET /public/style.css HTTP/1.1" - -
::1 - - [08/Dec/2025:12:43:26 +0000] "GET /movie HTTP/1.1" - -
::1 - - [08/Dec/2025:12:43:26 +0000] "GET /public/style.css HTTP/1.1" - -
::1 - - [08/Dec/2025:12:43:47 +0000] "GET /movie HTTP/1.1" - -
::1 - - [08/Dec/2025:12:43:47 +0000] "GET /style.css HTTP/1.1" - -
::1 - - [08/Dec/2025:12:43:48 +0000] "GET /movie HTTP/1.1" - -
::1 - - [08/Dec/2025:12:43:48 +0000] "GET /style.css HTTP/1.1" - -
::1 - - [08/Dec/2025:12:45:55 +0000] "GET /movie HTTP/1.1" - -
::1 - - [08/Dec/2025:12:45:55 +0000] "GET /public/style.css HTTP/1.1" - -
::1 - - [08/Dec/2025:12:45:58 +0000] "GET /movie HTTP/1.1" - -
::1 - - [08/Dec/2025:12:45:58 +0000] "GET /public/style.css HTTP/1.1" - -
::1 - - [08/Dec/2025:12:46:05 +0000] "GET /movie HTTP/1.1" - -
::1 - - [08/Dec/2025:12:46:05 +0000] "GET /public/style.css HTTP/1.1" - -
::1 - - [08/Dec/2025:12:46:08 +0000] "GET /movie HTTP/1.1" - -
::1 - - [08/Dec/2025:12:46:08 +0000] "GET /public/style.css HTTP/1.1" - -
::1 - - [08/Dec/2025:12:46:27 +0000] "GET /movie HTTP/1.1" - -
::1 - - [08/Dec/2025:12:46:27 +0000] "GET /public/style.css HTTP/1.1" - -
::1 - - [08/Dec/2025:12:50:27 +0000] "GET /movie HTTP/1.1" - -
::1 - - [08/Dec/2025:12:50:27 +0000] "GET /style.css HTTP/1.1" - -
::1 - - [08/Dec/2025:12:50:46 +0000] "GET /movie HTTP/1.1" - -
::1 - - [08/Dec/2025:12:50:47 +0000] "GET /public/style.css HTTP/1.1" - -
::1 - - [08/Dec/2025:13:13:26 +0000] "GET / HTTP/1.1" - -
::1 - - [08/Dec/2025:13:13:26 +0000] "GET /movie HTTP/1.1" - -
::1 - - [08/Dec/2025:13:13:26 +0000] "GET /public/style.css HTTP/1.1" - -
::1 - - [08/Dec/2025:13:26:41 +0000] "GET /movie HTTP/1.1" - -
::1 - - [08/Dec/2025:13:26:41 +0000] "GET /public/style.css HTTP/1.1" - -
::1 - - [08/Dec/2025:13:26:42 +0000] "GET /movie HTTP/1.1" - -
::1 - - [08/Dec/2025:13:26:42 +0000] "GET /public/style.css HTTP/1.1" - -
::1 - - [08/Dec/2025:13:26:43 +0000] "GET /movie HTTP/1.1" - -
::1 - - [08/Dec/2025:13:26:43 +0000] "GET /public/style.css HTTP/1.1" - -
::1 - - [08/Dec/2025:13:26:43 +0000] "GET /movie HTTP/1.1" - -
::1 - - [08/Dec/2025:13:26:43 +0000] "GET /public/style.css HTTP/1.1" - -
::1 - - [08/Dec/2025:13:26:43 +0000] "GET /movie HTTP/1.1" - -
::1 - - [08/Dec/2025:13:26:43 +0000] "GET /public/style.css HTTP/1.1" - -
::1 - - [09/Dec/2025:12:55:56 +0000] "GET /movie/form HTTP/1.1" - -
::1 - - [09/Dec/2025:12:55:58 +0000] "GET /movie/form HTTP/1.1" - -
::1 - - [09/Dec/2025:13:00:22 +0000] "GET /movie/form HTTP/1.1" - -
::1 - - [09/Dec/2025:13:00:25 +0000] "GET /movie/form HTTP/1.1" - -
::1 - - [09/Dec/2025:13:00:55 +0000] "GET /movie/form HTTP/1.1" - -
::1 - - [09/Dec/2025:13:01:34 +0000] "GET /movie/form HTTP/1.1" - -
::1 - - [09/Dec/2025:13:01:57 +0000] "GET /movie/form HTTP/1.1" - -
::1 - - [09/Dec/2025:13:02:05 +0000] "GET /movie/form HTTP/1.1" - -
::1 - - [09/Dec/2025:13:02:23 +0000] "GET /movie/form HTTP/1.1" - -
::1 - - [09/Dec/2025:13:02:25 +0000] "GET /movie/form HTTP/1.1" - -
::1 - - [09/Dec/2025:13:08:24 +0000] "GET /movie/form HTTP/1.1" - -
::1 - - [09/Dec/2025:13:08:57 +0000] "GET /movie/form HTTP/1.1" - -
::1 - - [09/Dec/2025:13:22:58 +0000] "GET /movie/form HTTP/1.1" - -
::1 - - [09/Dec/2025:13:23:01 +0000] "GET /movie/form HTTP/1.1" - -
::1 - - [09/Dec/2025:13:24:43 +0000] "GET /movie/form HTTP/1.1" - -
::1 - - [09/Dec/2025:13:24:46 +0000] "GET /movie/form HTTP/1.1" - -
